$ python -m pdb charges_calc.py -i source.json -o out1.json
> c:\users\brian\pythonclass\py220\sp_python220b_2019\students\brian_minsk\lesson02\assignment\code\charges_calc.py(3)<module>()
-> '''
(Pdb) n
> c:\users\brian\pythonclass\py220\sp_python220b_2019\students\brian_minsk\lesson02\assignment\code\charges_calc.py(4)<module>()
-> import argparse
(Pdb) n
> c:\users\brian\pythonclass\py220\sp_python220b_2019\students\brian_minsk\lesson02\assignment\code\charges_calc.py(5)<module>()
-> import json
(Pdb) b 44
Breakpoint 1 at c:\users\brian\pythonclass\py220\sp_python220b_2019\students\brian_minsk\lesson02\assignment\code\charges_calc.py:44
(Pdb) continue
> c:\users\brian\pythonclass\py220\sp_python220b_2019\students\brian_minsk\lesson02\assignment\code\charges_calc.py(44)<module>()
-> args = parse_cmd_arguments()
(Pdb) n
> c:\users\brian\pythonclass\py220\sp_python220b_2019\students\brian_minsk\lesson02\assignment\code\charges_calc.py(45)<module>()
-> data = load_rentals_file(args.input)
(Pdb) l
 40         with open(filename, 'w') as file:
 41             json.dump(data, file)
 42
 43     if __name__ == "__main__":
 44 B       args = parse_cmd_arguments()
 45  ->     data = load_rentals_file(args.input)
 46         data = calculate_additional_fields(data)
 47         save_to_json(args.output, data)
[EOF]
(Pdb) pp args
Namespace(input='source.json', output='out1.json')
(Pdb) n
> c:\users\brian\pythonclass\py220\sp_python220b_2019\students\brian_minsk\lesson02\assignment\code\charges_calc.py(46)<module>()
-> data = calculate_additional_fields(data)
(Pdb) s
--Call--
> c:\users\brian\pythonclass\py220\sp_python220b_2019\students\brian_minsk\lesson02\assignment\code\charges_calc.py(25)calculate_additional_fields()
-> def calculate_additional_fields(data):
(Pdb) n
> c:\users\brian\pythonclass\py220\sp_python220b_2019\students\brian_minsk\lesson02\assignment\code\charges_calc.py(26)calculate_additional_fields()
-> for value in data.values():
(Pdb) l
 21             except:
 22                 exit(0)
 23         return data
 24
 25     def calculate_additional_fields(data):
 26  ->     for value in data.values():
 27             try:
 28                 rental_start = datetime.datetime.strptime(value['rental_start'], '%m/%d/%y')
 29                 rental_end = datetime.datetime.strptime(value['rental_end'], '%m/%d/%y')
 30                 value['total_days'] = (rental_end - rental_start).days
 31                 value['total_price'] = value['total_days'] * value['price_per_day']
(Pdb) n
> c:\users\brian\pythonclass\py220\sp_python220b_2019\students\brian_minsk\lesson02\assignment\code\charges_calc.py(27)calculate_additional_fields()
-> try:
(Pdb) pp value
{'price_per_day': 31,
 'product_code': 'PRD80',
 'rental_end': '3/22/17',
 'rental_start': '6/12/17',
 'units_rented': 8}
(Pdb) n
> c:\users\brian\pythonclass\py220\sp_python220b_2019\students\brian_minsk\lesson02\assignment\code\charges_calc.py(28)calculate_additional_fields()
-> rental_start = datetime.datetime.strptime(value['rental_start'], '%m/%d/%y')
(Pdb) n
> c:\users\brian\pythonclass\py220\sp_python220b_2019\students\brian_minsk\lesson02\assignment\code\charges_calc.py(29)calculate_additional_fields()
-> rental_end = datetime.datetime.strptime(value['rental_end'], '%m/%d/%y')
(Pdb) n
> c:\users\brian\pythonclass\py220\sp_python220b_2019\students\brian_minsk\lesson02\assignment\code\charges_calc.py(30)calculate_additional_fields()
-> value['total_days'] = (rental_end - rental_start).days
(Pdb) pp rental_start
datetime.datetime(2017, 6, 12, 0, 0)
(Pdb) pp rental_end
datetime.datetime(2017, 3, 22, 0, 0)
(Pdb) n
> c:\users\brian\pythonclass\py220\sp_python220b_2019\students\brian_minsk\lesson02\assignment\code\charges_calc.py(31)calculate_additional_fields()
-> value['total_price'] = value['total_days'] * value['price_per_day']
(Pdb) n
> c:\users\brian\pythonclass\py220\sp_python220b_2019\students\brian_minsk\lesson02\assignment\code\charges_calc.py(32)calculate_additional_fields()
-> value['sqrt_total_price'] = math.sqrt(value['total_price'])
(Pdb) pp value['total_price']
-2542
(Pdb) n
ValueError: math domain error
> c:\users\brian\pythonclass\py220\sp_python220b_2019\students\brian_minsk\lesson02\assignment\code\charges_calc.py(32)calculate_additional_fields()
-> value['sqrt_total_price'] = math.sqrt(value['total_price'])
(Pdb) n
> c:\users\brian\pythonclass\py220\sp_python220b_2019\students\brian_minsk\lesson02\assignment\code\charges_calc.py(34)calculate_additional_fields()
-> except:
(Pdb) n
> c:\users\brian\pythonclass\py220\sp_python220b_2019\students\brian_minsk\lesson02\assignment\code\charges_calc.py(35)calculate_additional_fields()
-> exit(0)
(Pdb) n
SystemExit: 0
> c:\users\brian\pythonclass\py220\sp_python220b_2019\students\brian_minsk\lesson02\assignment\code\charges_calc.py(35)calculate_additional_fields()
-> exit(0)
(Pdb) n
--Return--
> c:\users\brian\pythonclass\py220\sp_python220b_2019\students\brian_minsk\lesson02\assignment\code\charges_calc.py(35)calculate_additional_fields()->None
-> exit(0)
(Pdb) n
SystemExit: 0
> c:\users\brian\pythonclass\py220\sp_python220b_2019\students\brian_minsk\lesson02\assignment\code\charges_calc.py(46)<module>()
-> data = calculate_additional_fields(data)
(Pdb) n
--Return--
> c:\users\brian\pythonclass\py220\sp_python220b_2019\students\brian_minsk\lesson02\assignment\code\charges_calc.py(46)<module>()->None
-> data = calculate_additional_fields(data)
(Pdb) n
SystemExit: 0
> <string>(1)<module>()->None
(Pdb) n
--Return--
> <string>(1)<module>()->None
(Pdb) n
The program exited via sys.exit(). Exit status: 0
> c:\users\brian\pythonclass\py220\sp_python220b_2019\students\brian_minsk\lesson02\assignment\code\charges_calc.py(3)<module>()
-> '''
(Pdb)